// Jest Snapshot v1, https://goo.gl/fbAQLP

exports[`should render AddExpensePage normally 1`] = `
<div>
  <h1>
    Add Expense Form
  </h1>
  <ExpenseForm
    onSubmit={[Function]}
  />
</div>
`;
